To honour the JVM settings for this build a single-use Daemon process will be forked. For more on this, please refer to https://docs.gradle.org/8.9/userguide/gradle_daemon.html#sec:disabling_the_daemon in the Gradle documentation.
Daemon will be stopped at the end of the build 
Checking the license for package Android SDK Build-Tools 34 in C:\Users\utoly\AppData\Local\Android\Sdk\licenses
Warning: License for package Android SDK Build-Tools 34 not accepted.
Checking the license for package Android SDK Platform 34 in C:\Users\utoly\AppData\Local\Android\Sdk\licenses
Warning: License for package Android SDK Platform 34 not accepted.

FAILURE: Build failed with an exception.

* What went wrong:
Could not determine the dependencies of task ':app:compileDebugJavaWithJavac'.
> Failed to install the following Android SDK packages as some licences have not been accepted.
     platforms;android-34 Android SDK Platform 34
     build-tools;34.0.0 Android SDK Build-Tools 34
  To build this project, accept the SDK license agreements and install the missing components using the Android Studio SDK Manager.
  All licenses can be accepted using the sdkmanager command line tool:
  sdkmanager --licenses
  Or, to transfer the license agreements from one workstation to another, see https://developer.android.com/studio/intro/update.html#download-with-gradle
  
  Using Android SDK: C:\Users\utoly\AppData\Local\Android\Sdk

* Try:
> Run with --stacktrace option to get the stack trace.
> Run with --info or --debug option to get more log output.
> Run with --scan to get full insights.
> Get more help at https://help.gradle.org.

BUILD FAILED in 45s
